npm warn Unknown env config "http-proxy". This will stop working in the next major version of npm.

> vite_react_shadcn_ts@0.0.0 prebuild
> node scripts/generate-extension-index.mjs || bun scripts/generate-extension-index.mjs

Generated extensions index with 4 file(s) at public/extensions/index.json

> vite_react_shadcn_ts@0.0.0 build
> vite build

vite v5.4.19 building for production...
transforming...
Browserslist: browsers data (caniuse-lite) is 8 months old. Please run:
  npx update-browserslist-db@latest
  Why you should do it regularly: https://github.com/browserslist/update-db#readme
✓ 2601 modules transformed.
rendering chunks...
computing gzip size...
dist/registerSW.js                              0.13 kB
dist/manifest.webmanifest                       1.23 kB
dist/index.html                                 3.96 kB │ gzip:   1.36 kB
dist/assets/index-BfMyaDcy.css                339.33 kB │ gzip:  55.10 kB
dist/assets/editor_batboy-i37Ig0IY.js           0.25 kB │ gzip:   0.21 kB
dist/assets/editor_mothwoman-tQUqMoRn.js        0.27 kB │ gzip:   0.22 kB
dist/assets/editor_elvis-b8TMXkRN.js            0.28 kB │ gzip:   0.22 kB
dist/assets/editor_bureau-I-OMYsq5.js           0.28 kB │ gzip:   0.22 kB
dist/assets/editor_cigs-D5e5gp9K.js             0.29 kB │ gzip:   0.24 kB
dist/assets/editor_redactor-BgJ-Dx_1.js         0.29 kB │ gzip:   0.24 kB
dist/assets/editor_mkunit-BcYQzFGe.js           0.29 kB │ gzip:   0.24 kB
dist/assets/editor_blackbudget-C6aAVzA7.js      0.30 kB │ gzip:   0.23 kB
dist/assets/editor_muldrunk-V-t91jRE.js         0.32 kB │ gzip:   0.24 kB
dist/assets/editor_hunter-Ccbulikk.js           0.33 kB │ gzip:   0.26 kB
dist/assets/editor_smitherson-xi5D_AWC.js       0.36 kB │ gzip:   0.28 kB
dist/assets/editor_floridaman-hXve4zC9.js       0.36 kB │ gzip:   0.27 kB
dist/assets/vendor-charts-k1IIGn-2.js          22.17 kB │ gzip:   8.55 kB
dist/assets/vendor-icons-89feo7C8.js           24.03 kB │ gzip:   5.16 kB
dist/assets/vendor-peerjs-BRuCPyfy.js          88.16 kB │ gzip:  24.10 kB
dist/assets/vendor-app-Cd5rVxiI.js             96.83 kB │ gzip:  25.84 kB
dist/assets/index-BfAT34TQ.js                 112.00 kB │ gzip:  24.14 kB
dist/assets/vendor-radix-rYNSUOug.js          117.69 kB │ gzip:  36.42 kB
dist/assets/vendor-react-DKp_ERau.js          164.66 kB │ gzip:  54.04 kB
dist/assets/paranormalSfx-Cs9-I-SX.js         670.66 kB │ gzip: 484.62 kB
dist/assets/index-m7EkhSSn.js               4,749.81 kB │ gzip: 990.85 kB

(!) Some chunks are larger than 500 kB after minification. Consider:
- Using dynamic import() to code-split the application
- Use build.rollupOptions.output.manualChunks to improve chunking: https://rollupjs.org/configuration-options/#output-manualchunks
- Adjust chunk size limit for this warning via build.chunkSizeWarningLimit.
✓ built in 10.25s

PWA v1.2.0
mode      generateSW
precache  508 entries (106141.59 KiB)
files generated
  dist/sw.js
  dist/workbox-1d305bb8.js
