src/components/dev/CardEffectValidator.tsx(49,11): error TS2739: Type '{ turn: number; currentPlayer: "P1"; truth: number; playsThisTurn: number; turnPlays: undefined[]; turnBuffer: undefined[]; log: string[]; headlineLog: undefined[]; extraExtraFeed: undefined[]; winner: null; ... 4 more ...; stateDefense: { ...; }; }' is missing the following properties from type 'GameState': traps, persistentEffects
src/components/game/EffectTestPanel.tsx(34,9): error TS2739: Type '{ turn: number; currentPlayer: "P1"; truth: number; playsThisTurn: number; turnPlays: undefined[]; turnBuffer: undefined[]; log: string[]; headlineLog: undefined[]; extraExtraFeed: undefined[]; winner: null; ... 4 more ...; stateDefense: { ...; }; }' is missing the following properties from type 'GameState': traps, persistentEffects
src/components/game/EnhancedBalancingDashboard.tsx(200,85): error TS2345: Argument of type '{ ATTACK: true; MEDIA: true; ZONE: true; DEFENSIVE: true; }' is not assignable to parameter of type 'Record<CardType, boolean> | (() => Record<CardType, boolean>)'.
  Type '{ ATTACK: true; MEDIA: true; ZONE: true; DEFENSIVE: true; }' is missing the following properties from type 'Record<CardType, boolean>': HYBRID, TRAP, PERSISTENT
src/content/mvpRules.ts(37,7): error TS2739: Type '{ ATTACK: string; MEDIA: string; ZONE: string; }' is missing the following properties from type 'Record<"HYBRID" | "TRAP" | "PERSISTENT" | "ATTACK" | "MEDIA" | "ZONE", string>': HYBRID, TRAP, PERSISTENT
src/data/__tests__/builtinExpansions.test.ts(1,38): error TS2307: Cannot find module 'vitest' or its corresponding type declarations.
src/engine/news/__tests__/smartNarrativeComposer.test.ts(8,38): error TS2307: Cannot find module 'vitest' or its corresponding type declarations.
src/engine/newspaper/IssueGenerator.ts(848,5): error TS2740: Type 'CardLexiconEntry' is missing the following properties from type 'CardLexiconEntry': id, name, type, faction, and 5 more.
src/engine/newspaper/StoryBanks.ts(18,3): error TS2739: Type '{ ATTACK: string[]; MEDIA: string[]; ZONE: string[]; DEFENSIVE: string[]; }' is missing the following properties from type 'Record<CardType, string[]>': HYBRID, TRAP, PERSISTENT
src/engine/newspaper/__tests__/IssueGenerator.recurringCharacters.test.ts(1,44): error TS2307: Cannot find module 'bun:test' or its corresponding type declarations.
src/engine/newspaper/__tests__/IssueGenerator.recurringCharacters.test.ts(121,13): error TS2353: Object literal may only specify known properties, and 'lastRound' does not exist in type 'Pick<RecurringCharacterProgress, "appearances" | "currentStage" | "lastArticleVariant">'.
src/engine/newspaper/__tests__/IssueGenerator.staticArticles.test.ts(1,44): error TS2307: Cannot find module 'bun:test' or its corresponding type declarations.
src/game/__tests__/stateBonuses.test.ts(1,40): error TS2307: Cannot find module 'bun:test' or its corresponding type declarations.
src/hooks/comboAdapter.ts(138,5): error TS1360: Type '{ turn: number; currentPlayer: "P1" | "P2"; truth: number; players: { P1: EnginePlayerState; P2: EnginePlayerState; }; pressureByState: Record<string, { ...; }>; ... 9 more ...; finalEdition: FinalEditionReport; }' does not satisfy the expected type 'GameState'.
  Type '{ turn: number; currentPlayer: "P1" | "P2"; truth: number; players: { P1: PlayerState; P2: PlayerState; }; pressureByState: Record<string, { P1: number; P2: number; }>; ... 9 more ...; finalEdition: FinalEditionReport; }' is missing the following properties from type 'GameState': traps, persistentEffects
src/mvp/__tests__/engine.editors.test.ts(49,3): error TS2322: Type '{ players: { P1: { id: PlayerId; faction: Faction; deck: Card[]; hand: Card[]; discard: Card[]; ip: number; states: string[]; nextAttackMultiplier?: number; activeEditorId?: Editors.EditorId | null; }; P2: { ...; }; }; ... 16 more ...; tabloidRelicsRuntime: TabloidRelicRuntimeState | null; }' is not assignable to type 'GameState'.
  Property 'traps' is optional in type '{ players: { P1: { id: PlayerId; faction: Faction; deck: MVPGameCard[]; hand: MVPGameCard[]; discard: MVPGameCard[]; ip: number; states: string[]; nextAttackMultiplier?: number; activeEditorId?: string; }; P2: { ...; }; }; ... 16 more ...; tabloidRelicsRuntime: TabloidRelicRuntimeState; }' but required in type 'GameState'.
src/mvp/__tests__/engine.editors.test.ts(168,9): error TS2739: Type '{ hand: MVPGameCard[]; ip: number; activeEditorId: string; }' is missing the following properties from type 'PlayerState': id, faction, deck, discard, states
src/mvp/__tests__/engine.editors.test.ts(197,9): error TS2739: Type '{ hand: MVPGameCard[]; deck: MVPGameCard[]; discard: undefined[]; activeEditorId: string; }' is missing the following properties from type 'PlayerState': id, faction, ip, states
src/mvp/__tests__/engine.editors.test.ts(233,9): error TS2739: Type '{ hand: MVPGameCard[]; deck: undefined[]; ip: number; activeEditorId: string; }' is missing the following properties from type 'PlayerState': id, faction, discard, states
src/mvp/__tests__/engine.editors.test.ts(260,9): error TS2740: Type '{ activeEditorId: string; }' is missing the following properties from type 'PlayerState': id, faction, deck, hand, and 3 more.
src/mvp/__tests__/engine.editors.test.ts(284,9): error TS2740: Type '{ states: string[]; }' is missing the following properties from type 'PlayerState': id, faction, deck, hand, and 2 more.
src/mvp/engine.ts(632,5): error TS2322: Type 'Record<string, unknown>' is not assignable to type 'Record<string, string | number>'.
  'string' index signatures are incompatible.
    Type 'unknown' is not assignable to type 'string | number'.
src/systems/__tests__/hotspotDirector.initialize.test.ts(39,47): error TS2345: Argument of type '{ states: { id: string; name: string; abbreviation: string; defense: number; baseDefense: number; paranormalHotspot: any; paranormalHotspotHistory: any[]; }[]; paranormalHotspots: {}; }' is not assignable to parameter of type 'Pick<GameState, "states" | "paranormalHotspots">'.
  Types of property 'states' are incompatible.
    Type '{ id: string; name: string; abbreviation: string; defense: number; baseDefense: number; paranormalHotspot: any; paranormalHotspotHistory: any[]; }[]' is not assignable to type '{ id: string; name: string; abbreviation: string; baseIP: number; baseDefense: number; defense: number; comboDefenseBonus?: number; pressure: number; pressurePlayer: number; pressureAi: number; ... 12 more ...; roundEvents: StateRoundEventLogEntry[]; }[]'.
      Type '{ id: string; name: string; abbreviation: string; defense: number; baseDefense: number; paranormalHotspot: any; paranormalHotspotHistory: any[]; }' is missing the following properties from type '{ id: string; name: string; abbreviation: string; baseIP: number; baseDefense: number; defense: number; comboDefenseBonus?: number; pressure: number; pressurePlayer: number; pressureAi: number; ... 12 more ...; roundEvents: StateRoundEventLogEntry[]; }': baseIP, pressure, pressurePlayer, pressureAi, and 4 more.
src/systems/__tests__/hotspotDirector.initialize.test.ts(47,50): error TS2345: Argument of type '{ states: { id: string; name: string; abbreviation: string; defense: number; baseDefense: number; paranormalHotspot: any; paranormalHotspotHistory: any[]; }[]; paranormalHotspots: {}; }' is not assignable to parameter of type 'Pick<GameState, "states" | "paranormalHotspots">'.
  Types of property 'states' are incompatible.
    Type '{ id: string; name: string; abbreviation: string; defense: number; baseDefense: number; paranormalHotspot: any; paranormalHotspotHistory: any[]; }[]' is not assignable to type '{ id: string; name: string; abbreviation: string; baseIP: number; baseDefense: number; defense: number; comboDefenseBonus?: number; pressure: number; pressurePlayer: number; pressureAi: number; ... 12 more ...; roundEvents: StateRoundEventLogEntry[]; }[]'.
      Type '{ id: string; name: string; abbreviation: string; defense: number; baseDefense: number; paranormalHotspot: any; paranormalHotspotHistory: any[]; }' is missing the following properties from type '{ id: string; name: string; abbreviation: string; baseIP: number; baseDefense: number; defense: number; comboDefenseBonus?: number; pressure: number; pressurePlayer: number; pressureAi: number; ... 12 more ...; roundEvents: StateRoundEventLogEntry[]; }': baseIP, pressure, pressurePlayer, pressureAi, and 4 more.
src/systems/paranormalHotspots.ts(597,7): error TS2322: Type 'number' is not assignable to type 'Timeout'.
src/systems/paranormalHotspots.ts(1013,13): error TS2352: Conversion of type '{ id: string; name: string; kind: string; location: string; intensity: number; status: string; truthDelta: number; tags: string[]; stateId: string; stateName: string; stateAbbreviation: string; summary: string; expansionTag?: undefined; } | { ...; }' to type '{ icon: string; }' may be a mistake because neither type sufficiently overlaps with the other. If this was intentional, convert the expression to 'unknown' first.
  Property 'icon' is missing in type '{ id: string; name: string; kind: string; location: string; intensity: number; status: string; truthDelta: number; tags: string[]; stateId: string; stateName: string; stateAbbreviation: string; summary: string; expansionTag: string; }' but required in type '{ icon: string; }'.
src/test/effectSystemValidation.ts(27,11): error TS2739: Type '{ turn: number; currentPlayer: "P1"; truth: number; playsThisTurn: number; turnPlays: undefined[]; turnBuffer: undefined[]; log: string[]; headlineLog: undefined[]; extraExtraFeed: undefined[]; winner: null; ... 4 more ...; stateDefense: { ...; }; }' is missing the following properties from type 'GameState': traps, persistentEffects
src/utils/validate-mvp.ts(7,14): error TS2739: Type '{ ATTACK: Set<string>; MEDIA: Set<string>; ZONE: Set<string>; }' is missing the following properties from type 'Record<"HYBRID" | "TRAP" | "PERSISTENT" | "ATTACK" | "MEDIA" | "ZONE", ReadonlySet<string>>': HYBRID, TRAP, PERSISTENT
